<?php return array (
  0 => 'Symfony\\Bundle\\FrameworkBundle\\Controller\\AbstractController',
  1 => 'App\\Controller\\Admin\\ArticleCrudController',
  2 => 'App\\Controller\\Admin\\CategoryCrudController',
  3 => 'App\\Controller\\Admin\\CommentCrudController',
  4 => 'App\\Controller\\Admin\\DashboardController',
  5 => 'App\\Controller\\Admin\\MediaCrudController',
  6 => 'App\\Controller\\Admin\\MenuCrudController',
  7 => 'App\\Controller\\Admin\\OptionCrudController',
  8 => 'App\\Controller\\Admin\\PageCrudController',
  9 => 'App\\Controller\\Admin\\UserCrudController',
  10 => 'App\\Controller\\ArticleController',
  11 => 'App\\Controller\\CategoryController',
  12 => 'App\\Controller\\CommentController',
  13 => 'App\\Controller\\HomeController',
  14 => 'App\\Controller\\PageController',
  15 => 'App\\Controller\\UserController',
  16 => 'App\\Entity\\Article',
  17 => 'App\\Entity\\Category',
  18 => 'App\\Entity\\Comment',
  19 => 'App\\Entity\\Media',
  20 => 'App\\Entity\\Menu',
  21 => 'App\\Entity\\Option',
  22 => 'App\\Entity\\Page',
  23 => 'App\\Entity\\User',
  24 => 'Doctrine\\Bundle\\DoctrineBundle\\Controller\\ProfilerController',
  25 => 'Doctrine\\ORM\\Cache\\Persister\\Entity\\AbstractEntityPersister',
  26 => 'Doctrine\\ORM\\Cache\\Persister\\Entity\\CachedEntityPersister',
  27 => 'Doctrine\\ORM\\Cache\\Persister\\Entity\\NonStrictReadWriteCachedEntityPersister',
  28 => 'Doctrine\\ORM\\Cache\\Persister\\Entity\\ReadOnlyCachedEntityPersister',
  29 => 'Doctrine\\ORM\\Cache\\Persister\\Entity\\ReadWriteCachedEntityPersister',
  30 => 'Doctrine\\ORM\\Persisters\\Entity\\AbstractEntityInheritancePersister',
  31 => 'Doctrine\\ORM\\Persisters\\Entity\\BasicEntityPersister',
  32 => 'Doctrine\\ORM\\Persisters\\Entity\\CachedPersisterContext',
  33 => 'Doctrine\\ORM\\Persisters\\Entity\\EntityPersister',
  34 => 'Doctrine\\ORM\\Persisters\\Entity\\JoinedSubclassPersister',
  35 => 'Doctrine\\ORM\\Persisters\\Entity\\SingleTablePersister',
  36 => 'EasyCorp\\Bundle\\EasyAdminBundle\\Contracts\\Controller\\CrudControllerInterface',
  37 => 'EasyCorp\\Bundle\\EasyAdminBundle\\Contracts\\Controller\\DashboardControllerInterface',
  38 => 'EasyCorp\\Bundle\\EasyAdminBundle\\Controller\\AbstractCrudController',
  39 => 'EasyCorp\\Bundle\\EasyAdminBundle\\Controller\\AbstractDashboardController',
  41 => 'Symfony\\Bundle\\FrameworkBundle\\Controller\\ControllerResolver',
  42 => 'Symfony\\Bundle\\FrameworkBundle\\Controller\\RedirectController',
  43 => 'Symfony\\Bundle\\FrameworkBundle\\Controller\\TemplateController',
  44 => 'Symfony\\Bundle\\WebProfilerBundle\\Controller\\ExceptionPanelController',
  45 => 'Symfony\\Bundle\\WebProfilerBundle\\Controller\\ProfilerController',
  46 => 'Symfony\\Bundle\\WebProfilerBundle\\Controller\\RouterController',
  47 => 'Symfony\\Component\\HttpKernel\\Controller\\ArgumentResolver',
  48 => 'Symfony\\Component\\HttpKernel\\Controller\\ArgumentResolverInterface',
  49 => 'Symfony\\Component\\HttpKernel\\Controller\\ArgumentResolver\\BackedEnumValueResolver',
  50 => 'Symfony\\Component\\HttpKernel\\Controller\\ArgumentResolver\\DateTimeValueResolver',
  51 => 'Symfony\\Component\\HttpKernel\\Controller\\ArgumentResolver\\DefaultValueResolver',
  52 => 'Symfony\\Component\\HttpKernel\\Controller\\ArgumentResolver\\NotTaggedControllerValueResolver',
  53 => 'Symfony\\Component\\HttpKernel\\Controller\\ArgumentResolver\\RequestAttributeValueResolver',
  54 => 'Symfony\\Component\\HttpKernel\\Controller\\ArgumentResolver\\RequestValueResolver',
  55 => 'Symfony\\Component\\HttpKernel\\Controller\\ArgumentResolver\\ServiceValueResolver',
  56 => 'Symfony\\Component\\HttpKernel\\Controller\\ArgumentResolver\\SessionValueResolver',
  57 => 'Symfony\\Component\\HttpKernel\\Controller\\ArgumentResolver\\TraceableValueResolver',
  58 => 'Symfony\\Component\\HttpKernel\\Controller\\ArgumentResolver\\UidValueResolver',
  59 => 'Symfony\\Component\\HttpKernel\\Controller\\ArgumentResolver\\VariadicValueResolver',
  60 => 'Symfony\\Component\\HttpKernel\\Controller\\ArgumentValueResolverInterface',
  61 => 'Symfony\\Component\\HttpKernel\\Controller\\ContainerControllerResolver',
  62 => 'Symfony\\Component\\HttpKernel\\Controller\\ControllerReference',
  63 => 'Symfony\\Component\\HttpKernel\\Controller\\ControllerResolver',
  64 => 'Symfony\\Component\\HttpKernel\\Controller\\ControllerResolverInterface',
  65 => 'Symfony\\Component\\HttpKernel\\Controller\\ErrorController',
  66 => 'Symfony\\Component\\HttpKernel\\Controller\\TraceableArgumentResolver',
  67 => 'Symfony\\Component\\HttpKernel\\Controller\\TraceableControllerResolver',
  68 => 'Symfony\\Component\\Security\\Http\\Controller\\UserValueResolver',
);